\BOOKMARK [1][]{section.1}{\376\377\000O\000v\000e\000r\000v\000i\000e\000w}{}% 1
\BOOKMARK [1][]{section.2}{\376\377\000S\000y\000s\000t\000e\000m\000\040\000A\000r\000c\000h\000i\000t\000e\000c\000t\000u\000r\000e}{}% 2
\BOOKMARK [2][]{subsection.2.1}{\376\377\000C\000o\000m\000p\000o\000n\000e\000n\000t\000\040\000R\000o\000l\000e\000s}{section.2}% 3
\BOOKMARK [1][]{section.3}{\376\377\000I\000n\000s\000t\000a\000l\000l\000a\000t\000i\000o\000n}{}% 4
\BOOKMARK [2][]{subsection.3.1}{\376\377\000F\000r\000o\000m\000\040\000P\000y\000P\000I}{section.3}% 5
\BOOKMARK [2][]{subsection.3.2}{\376\377\000F\000r\000o\000m\000\040\000S\000o\000u\000r\000c\000e}{section.3}% 6
\BOOKMARK [2][]{subsection.3.3}{\376\377\000O\000p\000t\000i\000o\000n\000a\000l\000\040\000e\000x\000t\000r\000a\000s}{section.3}% 7
\BOOKMARK [2][]{subsection.3.4}{\376\377\000C\000o\000r\000e\000\040\000D\000e\000p\000e\000n\000d\000e\000n\000c\000i\000e\000s}{section.3}% 8
\BOOKMARK [1][]{section.4}{\376\377\000S\000u\000p\000p\000o\000r\000t\000e\000d\000\040\000H\000a\000r\000d\000w\000a\000r\000e}{}% 9
\BOOKMARK [2][]{subsection.4.1}{\376\377\000N\000X\000P\000\040\000i\000.\000M\000X\000\040\000B\000o\000a\000r\000d\000s\000\040\000\050\000A\000d\000v\000a\000n\000t\000e\000c\000h\000\040\000E\000u\000r\000o\000p\000e\000\051}{section.4}% 10
\BOOKMARK [2][]{subsection.4.2}{\376\377\000M\000e\000d\000i\000a\000T\000e\000k\000\040\000\046\000\040\000Q\000u\000a\000l\000c\000o\000m\000m\000\040\000B\000o\000a\000r\000d\000s}{section.4}% 11
\BOOKMARK [2][]{subsection.4.3}{\376\377\000E\000m\000u\000l\000a\000t\000e\000d\000\040\000T\000a\000r\000g\000e\000t\000s\000\040\000\050\000Q\000E\000M\000U\000\051}{section.4}% 12
\BOOKMARK [1][]{section.5}{\376\377\000S\000u\000p\000p\000o\000r\000t\000e\000d\000\040\000R\000e\000l\000e\000a\000s\000e\000s}{}% 13
\BOOKMARK [2][]{subsection.5.1}{\376\377\000Y\000o\000c\000t\000o\000\040\000R\000e\000l\000e\000a\000s\000e\000s}{section.5}% 14
\BOOKMARK [2][]{subsection.5.2}{\376\377\000I\000s\000a\000r\000\040\000\050\000D\000e\000b\000i\000a\000n\000-\000b\000a\000s\000e\000d\000\051\000\040\000R\000e\000l\000e\000a\000s\000e\000s}{section.5}% 15
\BOOKMARK [1][]{section.6}{\376\377\000R\000e\000g\000i\000s\000t\000r\000y\000\040\000S\000c\000h\000e\000m\000a\000\040\000v\0002}{}% 16
\BOOKMARK [2][]{subsection.6.1}{\376\377\000R\000e\000g\000i\000s\000t\000r\000y\000\040\000S\000e\000c\000t\000i\000o\000n\000s\000\040\000S\000u\000m\000m\000a\000r\000y}{section.6}% 17
\BOOKMARK [2][]{subsection.6.2}{\376\377\000F\000i\000l\000e\000\040\000S\000p\000l\000i\000t\000t\000i\000n\000g\000\040\000w\000i\000t\000h\000\040\000i\000n\000c\000l\000u\000d\000e}{section.6}% 18
\BOOKMARK [2][]{subsection.6.3}{\376\377\000D\000e\000v\000i\000c\000e\000\040\000D\000e\000f\000i\000n\000i\000t\000i\000o\000n}{section.6}% 19
\BOOKMARK [2][]{subsection.6.4}{\376\377\000R\000e\000l\000e\000a\000s\000e\000\040\000D\000e\000f\000i\000n\000i\000t\000i\000o\000n}{section.6}% 20
\BOOKMARK [2][]{subsection.6.5}{\376\377\000N\000a\000m\000e\000d\000\040\000P\000r\000e\000s\000e\000t\000\040\000\050\000B\000S\000P\000\051}{section.6}% 21
\BOOKMARK [2][]{subsection.6.6}{\376\377\000V\000e\000n\000d\000o\000r\000\040\000O\000v\000e\000r\000r\000i\000d\000e\000s}{section.6}% 22
\BOOKMARK [3][]{subsubsection.6.6.1}{\376\377\000B\000a\000s\000i\000c\000\040\000V\000e\000n\000d\000o\000r\000\040\000O\000v\000e\000r\000r\000i\000d\000e}{subsection.6.6}% 23
\BOOKMARK [3][]{subsubsection.6.6.2}{\376\377\000S\000o\000C\000\040\000V\000e\000n\000d\000o\000r\000\040\000O\000v\000e\000r\000r\000i\000d\000e\000s}{subsection.6.6}% 24
\BOOKMARK [3][]{subsubsection.6.6.3}{\376\377\000K\000A\000S\000\040\000I\000n\000c\000l\000u\000d\000e\000\040\000O\000r\000d\000e\000r\000i\000n\000g}{subsection.6.6}% 25
\BOOKMARK [2][]{subsection.6.7}{\376\377\000C\000o\000n\000t\000a\000i\000n\000e\000r\000s}{section.6}% 26
\BOOKMARK [2][]{subsection.6.8}{\376\377\000N\000a\000m\000e\000d\000\040\000E\000n\000v\000i\000r\000o\000n\000m\000e\000n\000t\000s}{section.6}% 27
\BOOKMARK [1][]{section.7}{\376\377\000F\000e\000a\000t\000u\000r\000e\000\040\000S\000y\000s\000t\000e\000m}{}% 28
\BOOKMARK [2][]{subsection.7.1}{\376\377\000D\000e\000v\000i\000c\000e\000\040\000C\000o\000m\000p\000a\000t\000i\000b\000i\000l\000i\000t\000y\000\040\000\050\000c\000o\000m\000p\000a\000t\000i\000b\000i\000l\000i\000t\000y\000\051}{section.7}% 29
\BOOKMARK [2][]{subsection.7.2}{\376\377\000F\000r\000a\000m\000e\000w\000o\000r\000k\000/\000D\000i\000s\000t\000r\000o\000\040\000C\000o\000m\000p\000a\000t\000i\000b\000i\000l\000i\000t\000y\000\040\000\050\000c\000o\000m\000p\000a\000t\000i\000b\000l\000e\000\137\000w\000i\000t\000h\000\051}{section.7}% 30
\BOOKMARK [2][]{subsection.7.3}{\376\377\000F\000e\000a\000t\000u\000r\000e\000\040\000C\000a\000t\000a\000l\000o\000g\000u\000e}{section.7}% 31
\BOOKMARK [2][]{subsection.7.4}{\376\377\000R\000e\000l\000e\000a\000s\000e\000\040\000O\000v\000e\000r\000r\000i\000d\000e\000s}{section.7}% 32
\BOOKMARK [1][]{section.8}{\376\377\000O\000T\000A\000\040\000U\000p\000d\000a\000t\000e\000\040\000S\000u\000p\000p\000o\000r\000t}{}% 33
\BOOKMARK [1][]{section.9}{\376\377\000S\000e\000c\000u\000r\000e\000\040\000B\000o\000o\000t}{}% 34
\BOOKMARK [1][]{section.10}{\376\377\000C\000o\000n\000t\000a\000i\000n\000e\000r\000s\000\040\000\046\000\040\000E\000n\000v\000i\000r\000o\000n\000m\000e\000n\000t\000s}{}% 35
\BOOKMARK [1][]{section.11}{\376\377\000C\000L\000I\000\040\000R\000e\000f\000e\000r\000e\000n\000c\000e}{}% 36
\BOOKMARK [2][]{subsection.11.1}{\376\377\000B\000u\000i\000l\000d\000\040\000C\000o\000m\000m\000a\000n\000d\000s}{section.11}% 37
\BOOKMARK [2][]{subsection.11.2}{\376\377\000L\000i\000s\000t\000i\000n\000g\000\040\000\046\000\040\000I\000n\000s\000p\000e\000c\000t\000i\000o\000n}{section.11}% 38
\BOOKMARK [2][]{subsection.11.3}{\376\377\000C\000l\000o\000u\000d\000\040\000A\000r\000t\000i\000f\000a\000c\000t\000s}{section.11}% 39
\BOOKMARK [2][]{subsection.11.4}{\376\377\000R\000e\000g\000i\000s\000t\000r\000y\000\040\000M\000a\000n\000a\000g\000e\000m\000e\000n\000t}{section.11}% 40
\BOOKMARK [2][]{subsection.11.5}{\376\377\000R\000e\000m\000o\000t\000e\000s\000\040\000\046\000\040\000S\000e\000r\000v\000e\000r}{section.11}% 41
\BOOKMARK [2][]{subsection.11.6}{\376\377\000G\000l\000o\000b\000a\000l\000\040\000C\000L\000I\000\040\000F\000l\000a\000g\000s}{section.11}% 42
\BOOKMARK [2][]{subsection.11.7}{\376\377\000Q\000u\000i\000c\000k\000\040\000S\000t\000a\000r\000t}{section.11}% 43
\BOOKMARK [1][]{section.12}{\376\377\000P\000y\000t\000h\000o\000n\000\040\000A\000P\000I}{}% 44
\BOOKMARK [2][]{subsection.12.1}{\376\377\000B\000a\000s\000i\000c\000\040\000U\000s\000a\000g\000e}{section.12}% 45
\BOOKMARK [2][]{subsection.12.2}{\376\377\000B\000u\000i\000l\000d\000i\000n\000g\000\040\000a\000n\000d\000\040\000D\000e\000p\000l\000o\000y\000i\000n\000g}{section.12}% 46
\BOOKMARK [2][]{subsection.12.3}{\376\377\000R\000e\000s\000o\000l\000v\000i\000n\000g\000\040\000a\000\040\000C\000o\000n\000f\000i\000g\000u\000r\000a\000t\000i\000o\000n}{section.12}% 47
\BOOKMARK [2][]{subsection.12.4}{\376\377\000M\000u\000l\000t\000i\000-\000R\000e\000g\000i\000s\000t\000r\000y\000\040\000M\000o\000d\000e}{section.12}% 48
\BOOKMARK [1][]{section.13}{\376\377\000C\000l\000o\000u\000d\000\040\000A\000r\000t\000i\000f\000a\000c\000t\000\040\000D\000e\000p\000l\000o\000y\000m\000e\000n\000t}{}% 49
\BOOKMARK [2][]{subsection.13.1}{\376\377\000R\000e\000g\000i\000s\000t\000r\000y\000\040\000C\000o\000n\000f\000i\000g\000u\000r\000a\000t\000i\000o\000n}{section.13}% 50
\BOOKMARK [2][]{subsection.13.2}{\376\377\000A\000u\000t\000h\000e\000n\000t\000i\000c\000a\000t\000i\000o\000n}{section.13}% 51
\BOOKMARK [2][]{subsection.13.3}{\376\377\000C\000L\000I\000\040\000D\000e\000p\000l\000o\000y\000\040\000/\000\040\000G\000a\000t\000h\000e\000r}{section.13}% 52
\BOOKMARK [1][]{section.14}{\376\377\000H\000T\000T\000P\000\040\000S\000e\000r\000v\000e\000r\000\040\000\050\000R\000E\000S\000T\000\040\000+\000\040\000G\000r\000a\000p\000h\000Q\000L\000\051}{}% 53
\BOOKMARK [2][]{subsection.14.1}{\376\377\000R\000E\000S\000T\000\040\000A\000P\000I\000\040\000E\000n\000d\000p\000o\000i\000n\000t\000s}{section.14}% 54
\BOOKMARK [2][]{subsection.14.2}{\376\377\000G\000r\000a\000p\000h\000Q\000L\000\040\000Q\000u\000e\000r\000y\000\040\000E\000x\000a\000m\000p\000l\000e}{section.14}% 55
\BOOKMARK [2][]{subsection.14.3}{\376\377\000S\000t\000a\000r\000t\000i\000n\000g\000\040\000t\000h\000e\000\040\000S\000e\000r\000v\000e\000r\000\040\000f\000r\000o\000m\000\040\000P\000y\000t\000h\000o\000n}{section.14}% 56
\BOOKMARK [1][]{section.15}{\376\377\000C\000I\000/\000C\000D\000\040\000I\000n\000t\000e\000g\000r\000a\000t\000i\000o\000n}{}% 57
\BOOKMARK [2][]{subsection.15.1}{\376\377\000G\000i\000t\000H\000u\000b\000\040\000A\000c\000t\000i\000o\000n\000s\000\040\040\024\000\040\000A\000z\000u\000r\000e}{section.15}% 58
\BOOKMARK [2][]{subsection.15.2}{\376\377\000G\000i\000t\000H\000u\000b\000\040\000A\000c\000t\000i\000o\000n\000s\000\040\040\024\000\040\000A\000W\000S}{section.15}% 59
\BOOKMARK [1][]{section.16}{\376\377\000E\000x\000t\000e\000n\000d\000i\000n\000g\000\040\000B\000S\000P\000s\000\040\000w\000i\000t\000h\000\040\000C\000u\000s\000t\000o\000m\000\040\000Y\000o\000c\000t\000o\000\040\000L\000a\000y\000e\000r\000s}{}% 60
\BOOKMARK [1][]{section.17}{\376\377\000S\000u\000m\000m\000a\000r\000y}{}% 61
